
> odda-store@0.1.0 build
> next build

Γû▓ Next.js 16.1.6 (Turbopack)
- Environments: .env.local

node.exe : ΓÜá The "middleware" file convention is 
deprecated. Please use "proxy" instead. Learn more: 
https://nextjs.org/docs/messages/middleware-to-proxy
At C:\Program Files\nodejs\npm.ps1:29 char:3
+   & $NODE_EXE $NPM_CLI_JS $args
+   ~~~~~~~~~~~~~~~~~~~~~~~~~~~~~
    + CategoryInfo          : NotSpecified: (ΓÜá The "middle. 
   ..leware-to-proxy:String) [], RemoteException
    + FullyQualifiedErrorId : NativeCommandError
 
  Creating an optimized production build ...
Γ£ô Compiled successfully in 14.5s
  Running TypeScript ...
Failed to compile.

./src/app/(store)/products/page.tsx:46:5
Type error: Cannot find name 'Product'. Did you mean 
'products'?

[0m [90m 44 |[39m
 [90m 45 |[39m   [36mconst[39m [products[33m,[39m 
total] [33m=[39m [36mawait[39m 
[33mPromise[39m[33m.[39mall([
[31m[1m>[22m[39m[90m 46 |[39m     
[33mProduct[39m[33m.[39mfind(query)
 [90m    |[39m     [31m[1m^[22m[39m
 [90m 47 |[39m       [33m.[39mpopulate({ path[33m:[39m 
[32m'categoryId'[39m[33m,[39m strictPopulate[33m:[39m 
[36mfalse[39m })
 [90m 48 |[39m       [33m.[39mpopulate({ path[33m:[39m 
[32m'badgeId'[39m[33m,[39m strictPopulate[33m:[39m 
[36mfalse[39m })
 [90m 49 |[39m       [33m.[39msort(sortOption)[0m
Next.js build worker exited with code: 1 and signal: null
