
> odda-store@0.1.0 build
> next build

Γû▓ Next.js 16.1.6 (Turbopack)
- Environments: .env.local

  Creating an optimized production build ...
Γ£ô Compiled successfully in 18.3s
  Running TypeScript ...
  Collecting page data using 15 workers ...
  Generating static pages using 15 workers (0/23) ...
  Generating static pages using 15 workers (5/23) 
  Generating static pages using 15 workers (11/23) 
  Generating static pages using 15 workers (17/23) 
New MongoDB connection established (Pool Size: 10)
Γ£ô Generating static pages using 15 workers (23/23) in 3.9s
  Finalizing page optimization ...

Route (app)
Γöî ╞Æ /
Γö£ ╞Æ /_not-found
Γö£ ╞Æ /about
Γö£ ╞Æ /api/auth/[...nextauth]
Γö£ ╞Æ /api/auth/register
Γö£ ╞Æ /api/badges
Γö£ ╞Æ /api/badges/[id]
Γö£ ╞Æ /api/bundles
Γö£ ╞Æ /api/bundles/[slug]
Γö£ ╞Æ /api/bundles/[slug]/reviews
Γö£ ╞Æ /api/categories
Γö£ ╞Æ /api/categories/[id]
Γö£ ╞Æ /api/cron/cleanup-orders
Γö£ ╞Æ /api/orders
Γö£ ╞Æ /api/orders/[id]
Γö£ ╞Æ /api/orders/track/[id]
Γö£ ╞Æ /api/products
Γö£ ╞Æ /api/products/[slug]
Γö£ ╞Æ /api/products/[slug]/reviews
Γö£ ╞Æ /api/products/categories
Γö£ ╞Æ /api/settings
Γö£ ╞Æ /api/upload
Γö£ ╞Æ /api/users
Γö£ ╞Æ /api/users/[id]
Γö£ ╞Æ /bundle/[slug]
Γö£ ╞Æ /bundles
Γö£ ╞Æ /checkout
Γö£ ╞Æ /dashboard
Γö£ ╞Æ /dashboard/badges
Γö£ ╞Æ /dashboard/bundles
Γö£ ╞Æ /dashboard/bundles/[slug]/edit
Γö£ ╞Æ /dashboard/bundles/new
Γö£ ╞Æ /dashboard/categories
Γö£ ╞Æ /dashboard/customers
Γö£ ╞Æ /dashboard/orders
Γö£ ╞Æ /dashboard/products
Γö£ ╞Æ /dashboard/products/[slug]/edit
Γö£ ╞Æ /dashboard/products/new
Γö£ ╞Æ /dashboard/settings
Γö£ ╞Æ /login
Γö£ ╞Æ /order-confirmation
Γö£ ╞Æ /order-confirmation/[id]
Γö£ ╞Æ /order-tracking
Γö£ ╞Æ /orders
Γö£ ╞Æ /product/[slug]
Γö£ ╞Æ /products
Γö£ ╞Æ /profile
Γö£ ╞Æ /register
Γö£ Γùï /robots.txt
Γö£ ╞Æ /search
Γöö Γùï /sitemap.xml


╞Æ Proxy (Middleware)

Γùï  (Static)   prerendered as static content
╞Æ  (Dynamic)  server-rendered on demand

