src/components/dashboard/charts/RevenueChart.tsx(56,13): error TS2322: Type '(value: number) => [string, string]' is not assignable to type 'Formatter<ValueType, NameType> & ((value: ValueType, name: NameType, item: TooltipPayloadEntry, index: number, payload: TooltipPayload) => ReactNode | [...])'.
  Type '(value: number) => [string, string]' is not assignable to type 'Formatter<ValueType, NameType>'.
    Types of parameters 'value' and 'value' are incompatible.
      Type 'ValueType | undefined' is not assignable to type 'number'.
        Type 'undefined' is not assignable to type 'number'.
src/components/dashboard/charts/TopProductsChart.tsx(45,78): error TS2353: Object literal may only specify known properties, and 'textTransform' does not exist in type 'Props | ReactElement<unknown, string | JSXElementConstructor<any>> | ((props: YAxisTickContentProps) => ReactNode)'.
src/components/dashboard/charts/TopProductsChart.tsx(58,13): error TS2322: Type '(value: number) => [number, string]' is not assignable to type 'Formatter<ValueType, NameType> & ((value: ValueType, name: NameType, item: TooltipPayloadEntry, index: number, payload: TooltipPayload) => ReactNode | [...])'.
  Type '(value: number) => [number, string]' is not assignable to type 'Formatter<ValueType, NameType>'.
    Types of parameters 'value' and 'value' are incompatible.
      Type 'ValueType | undefined' is not assignable to type 'number'.
        Type 'undefined' is not assignable to type 'number'.
